export const snapshot = {};

snapshot[`forge list 1`] = `
"
🚨 @scope/name1     0.0.0 👉 1.0.0
📦 @scope/name2     2.1.0-pre.1+<hash>
🚨 @scope/name3     2.0.0 👉 3.0.0
📦 @scope/name4     4.0.0
📦 @scope/dir/name5
"
`;

snapshot[`forge list --modules name1 name2 1`] = `
"
🚨 @scope/name1 0.0.0 👉 1.0.0

  🧩 (default)  <root>/name1/name2.ts
  🧩 main       <root>/name1/main.ts

📦 @scope/name2 2.1.0-pre.1+<hash>

  🧩 (default)  <root>/name2/name1

"
`;

snapshot[`forge list name* 1`] = `
"
🚨 @scope/name1     0.0.0 👉 1.0.0
📦 @scope/name2     2.1.0-pre.1+<hash>
🚨 @scope/name3     2.0.0 👉 3.0.0
📦 @scope/name4     4.0.0
📦 @scope/dir/name5
"
`;

snapshot[`forge list dir/* 1`] = `
"
📦 @scope/dir/name5
"
`;

snapshot[`forge changelog 1`] = `
"
🏷️  name1@1.0.0

  fix(name1): bug

🏷️  name2@2.1.0-pre.1+<hash>

  feat(name2): feature
  refactor(name2): rewrite

🏷️  name3@3.0.0

  style(name3)!: tabs over spaces

🏷️  name4@4.0.0

  docs(name4): fix typo

"
`;

snapshot[`forge changelog --all --emoji 1`] = `
"
🏷️  name1@1.0.0

  🐛 bug

🏷️  name2@2.1.0-pre.1+<hash>

  ✨ feature
  ♻️ rewrite

🏷️  name3@3.0.0

  🎨 tabs over spaces 💥

🏷️  name4@4.0.0

  📝 fix typo

"
`;

snapshot[`forge changelog --type docs --no-breaking 1`] = `
"
🏷️  name4@4.0.0

  docs(name4): fix typo

"
`;

snapshot[`forge changelog --breaking --markdown 1`] = `
"
## name3@3.0.0

- style(name3)!: tabs over spaces

"
`;

snapshot[`forge compile --target aarch64-unknown-linux-gnu --bundle --install=<root>/install --concurrency=2 1`] = `
"
📦 Compiled name1

  🏺 <root>/dist/name1/1.0.0/aarch64-unknown-linux-gnu.tar.gz
  💾 Installed name1

"
`;

snapshot[`forge bump --release --pr --changelog=<root>/CHANGELOG.md --emoji 1`] = `
"
🚀 Created bump pull request

  [<url>/pulls/1]

"
`;

snapshot[`forge release --draft --emoji 1`] = `
"
🚀 Created release name1@1.0.0

  [<url>/releases/name1@1.0.0]

  🏺 aarch64-unknown-linux-gnu.tar.gz
  🏺 sha256.txt

🚀 Created release name3@3.0.0

  [<url>/releases/name1@1.0.0]

"
`;
